[0.114s] DEBUG:colcon:Command line arguments: ['/usr/bin/colcon', 'build', '--packages-select', 'autonavtest', '--symlink-install']
[0.114s] DEBUG:colcon:Parsed command line arguments: Namespace(log_base=None, log_level=None, verb_name='build', build_base='build', install_base='install', merge_install=False, symlink_install=True, test_result_base=None, continue_on_error=False, executor='parallel', parallel_workers=12, event_handlers=None, ignore_user_meta=False, metas=['./colcon.meta'], base_paths=['.'], packages_ignore=None, packages_ignore_regex=None, paths=None, packages_up_to=None, packages_up_to_regex=None, packages_above=None, packages_above_and_dependencies=None, packages_above_depth=None, packages_select_by_dep=None, packages_skip_by_dep=None, packages_skip_up_to=None, packages_select_build_failed=False, packages_skip_build_finished=False, packages_select_test_failures=False, packages_skip_test_passed=False, packages_select=['autonavtest'], packages_skip=None, packages_select_regex=None, packages_skip_regex=None, packages_start=None, packages_end=None, allow_overriding=[], cmake_args=None, cmake_target=None, cmake_target_skip_unavailable=False, cmake_clean_cache=False, cmake_clean_first=False, cmake_force_configure=False, ament_cmake_args=None, catkin_cmake_args=None, catkin_skip_building_tests=False, verb_parser=<colcon_defaults.argument_parser.defaults.DefaultArgumentsDecorator object at 0x758d16a48cd0>, verb_extension=<colcon_core.verb.build.BuildVerb object at 0x758d16a487c0>, main=<bound method BuildVerb.main of <colcon_core.verb.build.BuildVerb object at 0x758d16a487c0>>)
[0.280s] Level 1:colcon.colcon_core.package_discovery:discover_packages(colcon_meta) check parameters
[0.281s] Level 1:colcon.colcon_core.package_discovery:discover_packages(recursive) check parameters
[0.281s] Level 1:colcon.colcon_core.package_discovery:discover_packages(ignore) check parameters
[0.281s] Level 1:colcon.colcon_core.package_discovery:discover_packages(path) check parameters
[0.281s] Level 1:colcon.colcon_core.package_discovery:discover_packages(colcon_meta) discover
[0.281s] Level 1:colcon.colcon_core.package_discovery:discover_packages(recursive) discover
[0.281s] INFO:colcon.colcon_core.package_discovery:Crawling recursively for packages in '/home/taper/autonav/MaRs-AutoNav'
[0.281s] Level 1:colcon.colcon_core.package_identification:_identify(.) by extensions ['ignore', 'ignore_ament_install']
[0.281s] Level 1:colcon.colcon_core.package_identification:_identify(.) by extension 'ignore'
[0.281s] Level 1:colcon.colcon_core.package_identification:_identify(.) by extension 'ignore_ament_install'
[0.281s] Level 1:colcon.colcon_core.package_identification:_identify(.) by extensions ['colcon_pkg']
[0.281s] Level 1:colcon.colcon_core.package_identification:_identify(.) by extension 'colcon_pkg'
[0.281s] Level 1:colcon.colcon_core.package_identification:_identify(.) by extensions ['colcon_meta']
[0.281s] Level 1:colcon.colcon_core.package_identification:_identify(.) by extension 'colcon_meta'
[0.281s] Level 1:colcon.colcon_core.package_identification:_identify(.) by extensions ['ros']
[0.281s] Level 1:colcon.colcon_core.package_identification:_identify(.) by extension 'ros'
[0.293s] DEBUG:colcon.colcon_core.package_identification:Package '.' with type 'ros.ament_cmake' and name 'autonavtest'
[0.293s] Level 1:colcon.colcon_core.package_discovery:discover_packages(recursive) using defaults
[0.293s] Level 1:colcon.colcon_core.package_discovery:discover_packages(ignore) discover
[0.293s] Level 1:colcon.colcon_core.package_discovery:discover_packages(ignore) using defaults
[0.293s] Level 1:colcon.colcon_core.package_discovery:discover_packages(path) discover
[0.293s] Level 1:colcon.colcon_core.package_discovery:discover_packages(path) using defaults
[0.323s] Level 1:colcon.colcon_core.package_discovery:discover_packages(prefix_path) check parameters
[0.323s] Level 1:colcon.colcon_core.package_discovery:discover_packages(prefix_path) discover
[0.324s] WARNING:colcon.colcon_ros.prefix_path.ament:The path '/home/taper/autonav/MaRs-AutoNav/install/autonavtest' in the environment variable AMENT_PREFIX_PATH doesn't exist
[0.324s] WARNING:colcon.colcon_ros.prefix_path.catkin:The path '/home/taper/autonav/MaRs-AutoNav/install/autonavtest' in the environment variable CMAKE_PREFIX_PATH doesn't exist
[0.324s] DEBUG:colcon.colcon_installed_package_information.package_discovery:Found 0 installed packages in /home/taper/autonav/MaRs-AutoNav/install
[0.326s] DEBUG:colcon.colcon_installed_package_information.package_discovery:Found 344 installed packages in /opt/ros/humble
[0.327s] Level 1:colcon.colcon_core.package_discovery:discover_packages(prefix_path) using defaults
[0.365s] Level 5:colcon.colcon_core.verb:set package 'autonavtest' build argument 'cmake_args' from command line to 'None'
[0.365s] Level 5:colcon.colcon_core.verb:set package 'autonavtest' build argument 'cmake_target' from command line to 'None'
[0.365s] Level 5:colcon.colcon_core.verb:set package 'autonavtest' build argument 'cmake_target_skip_unavailable' from command line to 'False'
[0.365s] Level 5:colcon.colcon_core.verb:set package 'autonavtest' build argument 'cmake_clean_cache' from command line to 'False'
[0.365s] Level 5:colcon.colcon_core.verb:set package 'autonavtest' build argument 'cmake_clean_first' from command line to 'False'
[0.365s] Level 5:colcon.colcon_core.verb:set package 'autonavtest' build argument 'cmake_force_configure' from command line to 'False'
[0.365s] Level 5:colcon.colcon_core.verb:set package 'autonavtest' build argument 'ament_cmake_args' from command line to 'None'
[0.365s] Level 5:colcon.colcon_core.verb:set package 'autonavtest' build argument 'catkin_cmake_args' from command line to 'None'
[0.365s] Level 5:colcon.colcon_core.verb:set package 'autonavtest' build argument 'catkin_skip_building_tests' from command line to 'False'
[0.365s] DEBUG:colcon.colcon_core.verb:Building package 'autonavtest' with the following arguments: {'ament_cmake_args': None, 'build_base': '/home/taper/autonav/MaRs-AutoNav/build/autonavtest', 'catkin_cmake_args': None, 'catkin_skip_building_tests': False, 'cmake_args': None, 'cmake_clean_cache': False, 'cmake_clean_first': False, 'cmake_force_configure': False, 'cmake_target': None, 'cmake_target_skip_unavailable': False, 'install_base': '/home/taper/autonav/MaRs-AutoNav/install/autonavtest', 'merge_install': False, 'path': '/home/taper/autonav/MaRs-AutoNav', 'symlink_install': True, 'test_result_base': None}
[0.365s] INFO:colcon.colcon_core.executor:Executing jobs using 'parallel' executor
[0.367s] DEBUG:colcon.colcon_parallel_executor.executor.parallel:run_until_complete
[0.367s] INFO:colcon.colcon_ros.task.ament_cmake.build:Building ROS package in '/home/taper/autonav/MaRs-AutoNav' with build type 'ament_cmake'
[0.367s] INFO:colcon.colcon_cmake.task.cmake.build:Building CMake package in '/home/taper/autonav/MaRs-AutoNav'
[0.368s] INFO:colcon.colcon_core.plugin_system:Skipping extension 'colcon_core.shell.bat': Not used on non-Windows systems
[0.368s] INFO:colcon.colcon_core.shell:Skip shell extension 'powershell' for command environment: Not usable outside of PowerShell
[0.368s] DEBUG:colcon.colcon_core.shell:Skip shell extension 'dsv' for command environment
[0.378s] DEBUG:colcon.colcon_core.event_handler.log_command:Invoking command in '/home/taper/autonav/MaRs-AutoNav/build/autonavtest': CMAKE_PREFIX_PATH=${CMAKE_PREFIX_PATH}:/opt/ros/humble /usr/bin/cmake /home/taper/autonav/MaRs-AutoNav -DAMENT_CMAKE_SYMLINK_INSTALL=1 -DCMAKE_INSTALL_PREFIX=/home/taper/autonav/MaRs-AutoNav/install/autonavtest
[1.006s] DEBUG:colcon.colcon_core.event_handler.log_command:Invoked command in '/home/taper/autonav/MaRs-AutoNav/build/autonavtest' returned '0': CMAKE_PREFIX_PATH=${CMAKE_PREFIX_PATH}:/opt/ros/humble /usr/bin/cmake /home/taper/autonav/MaRs-AutoNav -DAMENT_CMAKE_SYMLINK_INSTALL=1 -DCMAKE_INSTALL_PREFIX=/home/taper/autonav/MaRs-AutoNav/install/autonavtest
[1.008s] DEBUG:colcon.colcon_core.event_handler.log_command:Invoking command in '/home/taper/autonav/MaRs-AutoNav/build/autonavtest': CMAKE_PREFIX_PATH=${CMAKE_PREFIX_PATH}:/opt/ros/humble /usr/bin/cmake --build /home/taper/autonav/MaRs-AutoNav/build/autonavtest -- -j12 -l12
[1.047s] DEBUG:colcon.colcon_core.event_handler.log_command:Invoked command in '/home/taper/autonav/MaRs-AutoNav/build/autonavtest' returned '0': CMAKE_PREFIX_PATH=${CMAKE_PREFIX_PATH}:/opt/ros/humble /usr/bin/cmake --build /home/taper/autonav/MaRs-AutoNav/build/autonavtest -- -j12 -l12
[1.058s] DEBUG:colcon.colcon_core.event_handler.log_command:Invoking command in '/home/taper/autonav/MaRs-AutoNav/build/autonavtest': CMAKE_PREFIX_PATH=${CMAKE_PREFIX_PATH}:/opt/ros/humble /usr/bin/cmake --install /home/taper/autonav/MaRs-AutoNav/build/autonavtest
[1.337s] Level 1:colcon.colcon_core.environment:create_environment_scripts_only(autonavtest)
[1.338s] DEBUG:colcon.colcon_core.event_handler.log_command:Invoked command in '/home/taper/autonav/MaRs-AutoNav/build/autonavtest' returned '0': CMAKE_PREFIX_PATH=${CMAKE_PREFIX_PATH}:/opt/ros/humble /usr/bin/cmake --install /home/taper/autonav/MaRs-AutoNav/build/autonavtest
[1.339s] Level 1:colcon.colcon_core.environment:checking '/home/taper/autonav/MaRs-AutoNav/install/autonavtest' for CMake module files
[1.340s] Level 1:colcon.colcon_core.environment:checking '/home/taper/autonav/MaRs-AutoNav/install/autonavtest' for CMake config files
[1.340s] Level 1:colcon.colcon_core.shell:create_environment_hook('autonavtest', 'cmake_prefix_path')
[1.340s] INFO:colcon.colcon_core.shell:Creating environment hook '/home/taper/autonav/MaRs-AutoNav/install/autonavtest/share/autonavtest/hook/cmake_prefix_path.ps1'
[1.340s] INFO:colcon.colcon_core.shell:Creating environment descriptor '/home/taper/autonav/MaRs-AutoNav/install/autonavtest/share/autonavtest/hook/cmake_prefix_path.dsv'
[1.341s] INFO:colcon.colcon_core.shell:Creating environment hook '/home/taper/autonav/MaRs-AutoNav/install/autonavtest/share/autonavtest/hook/cmake_prefix_path.sh'
[1.341s] Level 1:colcon.colcon_core.environment:checking '/home/taper/autonav/MaRs-AutoNav/install/autonavtest/lib'
[1.342s] Level 1:colcon.colcon_core.environment:checking '/home/taper/autonav/MaRs-AutoNav/install/autonavtest/bin'
[1.342s] Level 1:colcon.colcon_core.environment:checking '/home/taper/autonav/MaRs-AutoNav/install/autonavtest/lib/pkgconfig/autonavtest.pc'
[1.342s] Level 1:colcon.colcon_core.environment:checking '/home/taper/autonav/MaRs-AutoNav/install/autonavtest/lib/python3.10/site-packages'
[1.342s] Level 1:colcon.colcon_core.environment:checking '/home/taper/autonav/MaRs-AutoNav/install/autonavtest/bin'
[1.342s] INFO:colcon.colcon_core.shell:Creating package script '/home/taper/autonav/MaRs-AutoNav/install/autonavtest/share/autonavtest/package.ps1'
[1.343s] INFO:colcon.colcon_core.shell:Creating package descriptor '/home/taper/autonav/MaRs-AutoNav/install/autonavtest/share/autonavtest/package.dsv'
[1.344s] INFO:colcon.colcon_core.shell:Creating package script '/home/taper/autonav/MaRs-AutoNav/install/autonavtest/share/autonavtest/package.sh'
[1.344s] INFO:colcon.colcon_core.shell:Creating package script '/home/taper/autonav/MaRs-AutoNav/install/autonavtest/share/autonavtest/package.bash'
[1.345s] INFO:colcon.colcon_core.shell:Creating package script '/home/taper/autonav/MaRs-AutoNav/install/autonavtest/share/autonavtest/package.zsh'
[1.345s] Level 1:colcon.colcon_core.environment:create_file_with_runtime_dependencies(/home/taper/autonav/MaRs-AutoNav/install/autonavtest/share/colcon-core/packages/autonavtest)
[1.346s] Level 1:colcon.colcon_core.environment:create_environment_scripts_only(autonavtest)
[1.346s] Level 1:colcon.colcon_core.environment:checking '/home/taper/autonav/MaRs-AutoNav/install/autonavtest' for CMake module files
[1.346s] Level 1:colcon.colcon_core.environment:checking '/home/taper/autonav/MaRs-AutoNav/install/autonavtest' for CMake config files
[1.346s] Level 1:colcon.colcon_core.shell:create_environment_hook('autonavtest', 'cmake_prefix_path')
[1.346s] INFO:colcon.colcon_core.shell:Creating environment hook '/home/taper/autonav/MaRs-AutoNav/install/autonavtest/share/autonavtest/hook/cmake_prefix_path.ps1'
[1.347s] INFO:colcon.colcon_core.shell:Creating environment descriptor '/home/taper/autonav/MaRs-AutoNav/install/autonavtest/share/autonavtest/hook/cmake_prefix_path.dsv'
[1.347s] INFO:colcon.colcon_core.shell:Creating environment hook '/home/taper/autonav/MaRs-AutoNav/install/autonavtest/share/autonavtest/hook/cmake_prefix_path.sh'
[1.347s] Level 1:colcon.colcon_core.environment:checking '/home/taper/autonav/MaRs-AutoNav/install/autonavtest/lib'
[1.348s] Level 1:colcon.colcon_core.environment:checking '/home/taper/autonav/MaRs-AutoNav/install/autonavtest/bin'
[1.348s] Level 1:colcon.colcon_core.environment:checking '/home/taper/autonav/MaRs-AutoNav/install/autonavtest/lib/pkgconfig/autonavtest.pc'
[1.348s] Level 1:colcon.colcon_core.environment:checking '/home/taper/autonav/MaRs-AutoNav/install/autonavtest/lib/python3.10/site-packages'
[1.348s] Level 1:colcon.colcon_core.environment:checking '/home/taper/autonav/MaRs-AutoNav/install/autonavtest/bin'
[1.348s] INFO:colcon.colcon_core.shell:Creating package script '/home/taper/autonav/MaRs-AutoNav/install/autonavtest/share/autonavtest/package.ps1'
[1.349s] INFO:colcon.colcon_core.shell:Creating package descriptor '/home/taper/autonav/MaRs-AutoNav/install/autonavtest/share/autonavtest/package.dsv'
[1.349s] INFO:colcon.colcon_core.shell:Creating package script '/home/taper/autonav/MaRs-AutoNav/install/autonavtest/share/autonavtest/package.sh'
[1.349s] INFO:colcon.colcon_core.shell:Creating package script '/home/taper/autonav/MaRs-AutoNav/install/autonavtest/share/autonavtest/package.bash'
[1.350s] INFO:colcon.colcon_core.shell:Creating package script '/home/taper/autonav/MaRs-AutoNav/install/autonavtest/share/autonavtest/package.zsh'
[1.350s] Level 1:colcon.colcon_core.environment:create_file_with_runtime_dependencies(/home/taper/autonav/MaRs-AutoNav/install/autonavtest/share/colcon-core/packages/autonavtest)
[1.350s] DEBUG:colcon.colcon_parallel_executor.executor.parallel:closing loop
[1.350s] DEBUG:colcon.colcon_parallel_executor.executor.parallel:loop closed
[1.350s] DEBUG:colcon.colcon_parallel_executor.executor.parallel:run_until_complete finished with '0'
[1.351s] DEBUG:colcon.colcon_core.event_reactor:joining thread
[1.356s] INFO:colcon.colcon_core.plugin_system:Skipping extension 'colcon_notification.desktop_notification.terminal_notifier': Not used on non-Darwin systems
[1.356s] INFO:colcon.colcon_core.plugin_system:Skipping extension 'colcon_notification.desktop_notification.win32': Not used on non-Windows systems
[1.356s] INFO:colcon.colcon_notification.desktop_notification:Sending desktop notification using 'notify2'
[1.372s] DEBUG:colcon.colcon_core.event_reactor:joined thread
[1.372s] INFO:colcon.colcon_core.shell:Creating prefix script '/home/taper/autonav/MaRs-AutoNav/install/local_setup.ps1'
[1.373s] INFO:colcon.colcon_core.shell:Creating prefix util module '/home/taper/autonav/MaRs-AutoNav/install/_local_setup_util_ps1.py'
[1.374s] INFO:colcon.colcon_core.shell:Creating prefix chain script '/home/taper/autonav/MaRs-AutoNav/install/setup.ps1'
[1.375s] INFO:colcon.colcon_core.shell:Creating prefix script '/home/taper/autonav/MaRs-AutoNav/install/local_setup.sh'
[1.376s] INFO:colcon.colcon_core.shell:Creating prefix util module '/home/taper/autonav/MaRs-AutoNav/install/_local_setup_util_sh.py'
[1.376s] INFO:colcon.colcon_core.shell:Creating prefix chain script '/home/taper/autonav/MaRs-AutoNav/install/setup.sh'
[1.377s] INFO:colcon.colcon_core.shell:Creating prefix script '/home/taper/autonav/MaRs-AutoNav/install/local_setup.bash'
[1.377s] INFO:colcon.colcon_core.shell:Creating prefix chain script '/home/taper/autonav/MaRs-AutoNav/install/setup.bash'
[1.378s] INFO:colcon.colcon_core.shell:Creating prefix script '/home/taper/autonav/MaRs-AutoNav/install/local_setup.zsh'
[1.379s] INFO:colcon.colcon_core.shell:Creating prefix chain script '/home/taper/autonav/MaRs-AutoNav/install/setup.zsh'
