[0.236s] DEBUG:colcon:Command line arguments: ['/usr/bin/colcon', 'build', '--packages-select', 'autonavtest', '--symlink-install']
[0.237s] DEBUG:colcon:Parsed command line arguments: Namespace(log_base=None, log_level=None, verb_name='build', build_base='build', install_base='install', merge_install=False, symlink_install=True, test_result_base=None, continue_on_error=False, executor='parallel', parallel_workers=12, event_handlers=None, ignore_user_meta=False, metas=['./colcon.meta'], base_paths=['.'], packages_ignore=None, packages_ignore_regex=None, paths=None, packages_up_to=None, packages_up_to_regex=None, packages_above=None, packages_above_and_dependencies=None, packages_above_depth=None, packages_select_by_dep=None, packages_skip_by_dep=None, packages_skip_up_to=None, packages_select_build_failed=False, packages_skip_build_finished=False, packages_select_test_failures=False, packages_skip_test_passed=False, packages_select=['autonavtest'], packages_skip=None, packages_select_regex=None, packages_skip_regex=None, packages_start=None, packages_end=None, allow_overriding=[], cmake_args=None, cmake_target=None, cmake_target_skip_unavailable=False, cmake_clean_cache=False, cmake_clean_first=False, cmake_force_configure=False, ament_cmake_args=None, catkin_cmake_args=None, catkin_skip_building_tests=False, verb_parser=<colcon_defaults.argument_parser.defaults.DefaultArgumentsDecorator object at 0x7256d2c64d00>, verb_extension=<colcon_core.verb.build.BuildVerb object at 0x7256d2c647f0>, main=<bound method BuildVerb.main of <colcon_core.verb.build.BuildVerb object at 0x7256d2c647f0>>)
[0.525s] Level 1:colcon.colcon_core.package_discovery:discover_packages(colcon_meta) check parameters
[0.525s] Level 1:colcon.colcon_core.package_discovery:discover_packages(recursive) check parameters
[0.525s] Level 1:colcon.colcon_core.package_discovery:discover_packages(ignore) check parameters
[0.525s] Level 1:colcon.colcon_core.package_discovery:discover_packages(path) check parameters
[0.525s] Level 1:colcon.colcon_core.package_discovery:discover_packages(colcon_meta) discover
[0.525s] Level 1:colcon.colcon_core.package_discovery:discover_packages(recursive) discover
[0.525s] INFO:colcon.colcon_core.package_discovery:Crawling recursively for packages in '/home/taper/autonav/MaRs-AutoNav'
[0.525s] Level 1:colcon.colcon_core.package_identification:_identify(.) by extensions ['ignore', 'ignore_ament_install']
[0.526s] Level 1:colcon.colcon_core.package_identification:_identify(.) by extension 'ignore'
[0.526s] Level 1:colcon.colcon_core.package_identification:_identify(.) by extension 'ignore_ament_install'
[0.526s] Level 1:colcon.colcon_core.package_identification:_identify(.) by extensions ['colcon_pkg']
[0.526s] Level 1:colcon.colcon_core.package_identification:_identify(.) by extension 'colcon_pkg'
[0.526s] Level 1:colcon.colcon_core.package_identification:_identify(.) by extensions ['colcon_meta']
[0.526s] Level 1:colcon.colcon_core.package_identification:_identify(.) by extension 'colcon_meta'
[0.526s] Level 1:colcon.colcon_core.package_identification:_identify(.) by extensions ['ros']
[0.526s] Level 1:colcon.colcon_core.package_identification:_identify(.) by extension 'ros'
[0.542s] DEBUG:colcon.colcon_core.package_identification:Package '.' with type 'ros.ament_cmake' and name 'autonavtest'
[0.542s] Level 1:colcon.colcon_core.package_discovery:discover_packages(recursive) using defaults
[0.542s] Level 1:colcon.colcon_core.package_discovery:discover_packages(ignore) discover
[0.542s] Level 1:colcon.colcon_core.package_discovery:discover_packages(ignore) using defaults
[0.542s] Level 1:colcon.colcon_core.package_discovery:discover_packages(path) discover
[0.542s] Level 1:colcon.colcon_core.package_discovery:discover_packages(path) using defaults
[0.588s] Level 1:colcon.colcon_core.package_discovery:discover_packages(prefix_path) check parameters
[0.588s] Level 1:colcon.colcon_core.package_discovery:discover_packages(prefix_path) discover
[0.592s] DEBUG:colcon.colcon_installed_package_information.package_discovery:Found 344 installed packages in /opt/ros/humble
[0.594s] Level 1:colcon.colcon_core.package_discovery:discover_packages(prefix_path) using defaults
[0.633s] Level 5:colcon.colcon_core.verb:set package 'autonavtest' build argument 'cmake_args' from command line to 'None'
[0.633s] Level 5:colcon.colcon_core.verb:set package 'autonavtest' build argument 'cmake_target' from command line to 'None'
[0.633s] Level 5:colcon.colcon_core.verb:set package 'autonavtest' build argument 'cmake_target_skip_unavailable' from command line to 'False'
[0.633s] Level 5:colcon.colcon_core.verb:set package 'autonavtest' build argument 'cmake_clean_cache' from command line to 'False'
[0.633s] Level 5:colcon.colcon_core.verb:set package 'autonavtest' build argument 'cmake_clean_first' from command line to 'False'
[0.633s] Level 5:colcon.colcon_core.verb:set package 'autonavtest' build argument 'cmake_force_configure' from command line to 'False'
[0.633s] Level 5:colcon.colcon_core.verb:set package 'autonavtest' build argument 'ament_cmake_args' from command line to 'None'
[0.634s] Level 5:colcon.colcon_core.verb:set package 'autonavtest' build argument 'catkin_cmake_args' from command line to 'None'
[0.634s] Level 5:colcon.colcon_core.verb:set package 'autonavtest' build argument 'catkin_skip_building_tests' from command line to 'False'
[0.634s] DEBUG:colcon.colcon_core.verb:Building package 'autonavtest' with the following arguments: {'ament_cmake_args': None, 'build_base': '/home/taper/autonav/MaRs-AutoNav/build/autonavtest', 'catkin_cmake_args': None, 'catkin_skip_building_tests': False, 'cmake_args': None, 'cmake_clean_cache': False, 'cmake_clean_first': False, 'cmake_force_configure': False, 'cmake_target': None, 'cmake_target_skip_unavailable': False, 'install_base': '/home/taper/autonav/MaRs-AutoNav/install/autonavtest', 'merge_install': False, 'path': '/home/taper/autonav/MaRs-AutoNav', 'symlink_install': True, 'test_result_base': None}
[0.634s] INFO:colcon.colcon_core.executor:Executing jobs using 'parallel' executor
[0.635s] DEBUG:colcon.colcon_parallel_executor.executor.parallel:run_until_complete
[0.635s] INFO:colcon.colcon_ros.task.ament_cmake.build:Building ROS package in '/home/taper/autonav/MaRs-AutoNav' with build type 'ament_cmake'
[0.635s] INFO:colcon.colcon_cmake.task.cmake.build:Building CMake package in '/home/taper/autonav/MaRs-AutoNav'
[0.640s] INFO:colcon.colcon_core.plugin_system:Skipping extension 'colcon_core.shell.bat': Not used on non-Windows systems
[0.640s] INFO:colcon.colcon_core.shell:Skip shell extension 'powershell' for command environment: Not usable outside of PowerShell
[0.640s] DEBUG:colcon.colcon_core.shell:Skip shell extension 'dsv' for command environment
[0.647s] DEBUG:colcon.colcon_core.event_handler.log_command:Invoking command in '/home/taper/autonav/MaRs-AutoNav/build/autonavtest': CMAKE_PREFIX_PATH=/opt/ros/humble /usr/bin/cmake /home/taper/autonav/MaRs-AutoNav -DAMENT_CMAKE_SYMLINK_INSTALL=1 -DCMAKE_INSTALL_PREFIX=/home/taper/autonav/MaRs-AutoNav/install/autonavtest
[2.641s] DEBUG:colcon.colcon_core.event_handler.log_command:Invoked command in '/home/taper/autonav/MaRs-AutoNav/build/autonavtest' returned '0': CMAKE_PREFIX_PATH=/opt/ros/humble /usr/bin/cmake /home/taper/autonav/MaRs-AutoNav -DAMENT_CMAKE_SYMLINK_INSTALL=1 -DCMAKE_INSTALL_PREFIX=/home/taper/autonav/MaRs-AutoNav/install/autonavtest
[2.642s] DEBUG:colcon.colcon_core.event_handler.log_command:Invoking command in '/home/taper/autonav/MaRs-AutoNav/build/autonavtest': CMAKE_PREFIX_PATH=/opt/ros/humble /usr/bin/cmake --build /home/taper/autonav/MaRs-AutoNav/build/autonavtest -- -j12 -l12
[2.686s] DEBUG:colcon.colcon_core.event_handler.log_command:Invoked command in '/home/taper/autonav/MaRs-AutoNav/build/autonavtest' returned '0': CMAKE_PREFIX_PATH=/opt/ros/humble /usr/bin/cmake --build /home/taper/autonav/MaRs-AutoNav/build/autonavtest -- -j12 -l12
[2.697s] DEBUG:colcon.colcon_core.event_handler.log_command:Invoking command in '/home/taper/autonav/MaRs-AutoNav/build/autonavtest': CMAKE_PREFIX_PATH=/opt/ros/humble /usr/bin/cmake --install /home/taper/autonav/MaRs-AutoNav/build/autonavtest
[2.967s] Level 1:colcon.colcon_core.environment:create_environment_scripts_only(autonavtest)
[2.968s] DEBUG:colcon.colcon_core.event_handler.log_command:Invoked command in '/home/taper/autonav/MaRs-AutoNav/build/autonavtest' returned '0': CMAKE_PREFIX_PATH=/opt/ros/humble /usr/bin/cmake --install /home/taper/autonav/MaRs-AutoNav/build/autonavtest
[3.462s] Level 1:colcon.colcon_core.environment:checking '/home/taper/autonav/MaRs-AutoNav/install/autonavtest' for CMake module files
[3.463s] Level 1:colcon.colcon_core.environment:checking '/home/taper/autonav/MaRs-AutoNav/install/autonavtest' for CMake config files
[3.463s] Level 1:colcon.colcon_core.shell:create_environment_hook('autonavtest', 'cmake_prefix_path')
[3.463s] INFO:colcon.colcon_core.shell:Creating environment hook '/home/taper/autonav/MaRs-AutoNav/install/autonavtest/share/autonavtest/hook/cmake_prefix_path.ps1'
[3.464s] INFO:colcon.colcon_core.shell:Creating environment descriptor '/home/taper/autonav/MaRs-AutoNav/install/autonavtest/share/autonavtest/hook/cmake_prefix_path.dsv'
[3.465s] INFO:colcon.colcon_core.shell:Creating environment hook '/home/taper/autonav/MaRs-AutoNav/install/autonavtest/share/autonavtest/hook/cmake_prefix_path.sh'
[3.467s] Level 1:colcon.colcon_core.environment:checking '/home/taper/autonav/MaRs-AutoNav/install/autonavtest/lib'
[3.467s] Level 1:colcon.colcon_core.environment:checking '/home/taper/autonav/MaRs-AutoNav/install/autonavtest/bin'
[3.467s] Level 1:colcon.colcon_core.environment:checking '/home/taper/autonav/MaRs-AutoNav/install/autonavtest/lib/pkgconfig/autonavtest.pc'
[3.467s] Level 1:colcon.colcon_core.environment:checking '/home/taper/autonav/MaRs-AutoNav/install/autonavtest/lib/python3.10/site-packages'
[3.468s] Level 1:colcon.colcon_core.environment:checking '/home/taper/autonav/MaRs-AutoNav/install/autonavtest/bin'
[3.468s] INFO:colcon.colcon_core.shell:Creating package script '/home/taper/autonav/MaRs-AutoNav/install/autonavtest/share/autonavtest/package.ps1'
[3.469s] INFO:colcon.colcon_core.shell:Creating package descriptor '/home/taper/autonav/MaRs-AutoNav/install/autonavtest/share/autonavtest/package.dsv'
[3.471s] INFO:colcon.colcon_core.shell:Creating package script '/home/taper/autonav/MaRs-AutoNav/install/autonavtest/share/autonavtest/package.sh'
[3.472s] INFO:colcon.colcon_core.shell:Creating package script '/home/taper/autonav/MaRs-AutoNav/install/autonavtest/share/autonavtest/package.bash'
[3.474s] INFO:colcon.colcon_core.shell:Creating package script '/home/taper/autonav/MaRs-AutoNav/install/autonavtest/share/autonavtest/package.zsh'
[3.475s] Level 1:colcon.colcon_core.environment:create_file_with_runtime_dependencies(/home/taper/autonav/MaRs-AutoNav/install/autonavtest/share/colcon-core/packages/autonavtest)
[3.476s] Level 1:colcon.colcon_core.environment:create_environment_scripts_only(autonavtest)
[3.477s] Level 1:colcon.colcon_core.environment:checking '/home/taper/autonav/MaRs-AutoNav/install/autonavtest' for CMake module files
[3.477s] Level 1:colcon.colcon_core.environment:checking '/home/taper/autonav/MaRs-AutoNav/install/autonavtest' for CMake config files
[3.478s] Level 1:colcon.colcon_core.shell:create_environment_hook('autonavtest', 'cmake_prefix_path')
[3.478s] INFO:colcon.colcon_core.shell:Creating environment hook '/home/taper/autonav/MaRs-AutoNav/install/autonavtest/share/autonavtest/hook/cmake_prefix_path.ps1'
[3.479s] INFO:colcon.colcon_core.shell:Creating environment descriptor '/home/taper/autonav/MaRs-AutoNav/install/autonavtest/share/autonavtest/hook/cmake_prefix_path.dsv'
[3.479s] INFO:colcon.colcon_core.shell:Creating environment hook '/home/taper/autonav/MaRs-AutoNav/install/autonavtest/share/autonavtest/hook/cmake_prefix_path.sh'
[3.480s] Level 1:colcon.colcon_core.environment:checking '/home/taper/autonav/MaRs-AutoNav/install/autonavtest/lib'
[3.480s] Level 1:colcon.colcon_core.environment:checking '/home/taper/autonav/MaRs-AutoNav/install/autonavtest/bin'
[3.480s] Level 1:colcon.colcon_core.environment:checking '/home/taper/autonav/MaRs-AutoNav/install/autonavtest/lib/pkgconfig/autonavtest.pc'
[3.481s] Level 1:colcon.colcon_core.environment:checking '/home/taper/autonav/MaRs-AutoNav/install/autonavtest/lib/python3.10/site-packages'
[3.481s] Level 1:colcon.colcon_core.environment:checking '/home/taper/autonav/MaRs-AutoNav/install/autonavtest/bin'
[3.482s] INFO:colcon.colcon_core.shell:Creating package script '/home/taper/autonav/MaRs-AutoNav/install/autonavtest/share/autonavtest/package.ps1'
[3.482s] INFO:colcon.colcon_core.shell:Creating package descriptor '/home/taper/autonav/MaRs-AutoNav/install/autonavtest/share/autonavtest/package.dsv'
[3.483s] INFO:colcon.colcon_core.shell:Creating package script '/home/taper/autonav/MaRs-AutoNav/install/autonavtest/share/autonavtest/package.sh'
[3.484s] INFO:colcon.colcon_core.shell:Creating package script '/home/taper/autonav/MaRs-AutoNav/install/autonavtest/share/autonavtest/package.bash'
[3.484s] INFO:colcon.colcon_core.shell:Creating package script '/home/taper/autonav/MaRs-AutoNav/install/autonavtest/share/autonavtest/package.zsh'
[3.485s] Level 1:colcon.colcon_core.environment:create_file_with_runtime_dependencies(/home/taper/autonav/MaRs-AutoNav/install/autonavtest/share/colcon-core/packages/autonavtest)
[3.485s] DEBUG:colcon.colcon_parallel_executor.executor.parallel:closing loop
[3.486s] DEBUG:colcon.colcon_parallel_executor.executor.parallel:loop closed
[3.486s] DEBUG:colcon.colcon_parallel_executor.executor.parallel:run_until_complete finished with '0'
[3.486s] DEBUG:colcon.colcon_core.event_reactor:joining thread
[3.492s] INFO:colcon.colcon_core.plugin_system:Skipping extension 'colcon_notification.desktop_notification.terminal_notifier': Not used on non-Darwin systems
[3.492s] INFO:colcon.colcon_core.plugin_system:Skipping extension 'colcon_notification.desktop_notification.win32': Not used on non-Windows systems
[3.492s] INFO:colcon.colcon_notification.desktop_notification:Sending desktop notification using 'notify2'
[3.514s] DEBUG:colcon.colcon_core.event_reactor:joined thread
[3.514s] INFO:colcon.colcon_core.shell:Creating prefix script '/home/taper/autonav/MaRs-AutoNav/install/local_setup.ps1'
[3.618s] INFO:colcon.colcon_core.shell:Creating prefix util module '/home/taper/autonav/MaRs-AutoNav/install/_local_setup_util_ps1.py'
[3.668s] INFO:colcon.colcon_core.shell:Creating prefix chain script '/home/taper/autonav/MaRs-AutoNav/install/setup.ps1'
[3.669s] INFO:colcon.colcon_core.shell:Creating prefix script '/home/taper/autonav/MaRs-AutoNav/install/local_setup.sh'
[3.671s] INFO:colcon.colcon_core.shell:Creating prefix util module '/home/taper/autonav/MaRs-AutoNav/install/_local_setup_util_sh.py'
[3.671s] INFO:colcon.colcon_core.shell:Creating prefix chain script '/home/taper/autonav/MaRs-AutoNav/install/setup.sh'
[3.673s] INFO:colcon.colcon_core.shell:Creating prefix script '/home/taper/autonav/MaRs-AutoNav/install/local_setup.bash'
[3.673s] INFO:colcon.colcon_core.shell:Creating prefix chain script '/home/taper/autonav/MaRs-AutoNav/install/setup.bash'
[3.675s] INFO:colcon.colcon_core.shell:Creating prefix script '/home/taper/autonav/MaRs-AutoNav/install/local_setup.zsh'
[3.676s] INFO:colcon.colcon_core.shell:Creating prefix chain script '/home/taper/autonav/MaRs-AutoNav/install/setup.zsh'
